app/[locale]/login/LoginClient.tsx(25,53): error TS2353: Object literal may only specify known properties, and 'username' does not exist in type 'UserInfo'.
